../Core/Src/main.c:101:6:printRemoteConsole	2
../Core/Src/main.c:150:6:HUB_ReceiveHandler	14
../Core/Src/main.c:192:6:HUB_Display_Menu	6
../Core/Src/main.c:256:6:HUB_Process_Input	10
../Core/Src/main.c:304:6:Parse_Telemetry	26
../Core/Src/main.c:369:6:HAL_UART_RxCpltCallback	7
../Core/Src/main.c:410:5:main	5
../Core/Src/main.c:505:6:SystemClock_Config	3
../Core/Src/main.c:542:13:MX_USART1_UART_Init	2
../Core/Src/main.c:575:13:MX_USART2_UART_Init	2
../Core/Src/main.c:608:13:MX_USART3_UART_Init	2
../Core/Src/main.c:641:13:MX_GPIO_Init	1
../Core/Src/main.c:664:6:Error_Handler	1
