2026-07-16 11:30:16,319 [ERROR] ConfigurationRetriever:142 - IOException on connection: Connection refused: getsockopt
2026-07-16 11:30:16,350 [ERROR] ConfigurationRetriever:142 - IOException on connection: Connection refused: getsockopt
2026-07-16 11:30:16,352 [ERROR] ConfigurationRetriever:142 - IOException on connection: Connection refused: getsockopt
2026-07-16 11:32:42,159 [ERROR] ConfigurationRetriever:142 - IOException on connection: Connection refused: getsockopt
2026-07-16 11:32:42,162 [ERROR] ConfigurationRetriever:142 - IOException on connection: Connection refused: getsockopt
2026-07-16 11:32:42,165 [ERROR] ConfigurationRetriever:142 - IOException on connection: Connection refused: getsockopt
2026-07-16 11:38:21,378 [ERROR] ConfigurationRetriever:142 - IOException on connection: Connection refused: getsockopt
2026-07-16 11:38:21,401 [ERROR] ConfigurationRetriever:142 - IOException on connection: Connection refused: getsockopt
2026-07-16 11:38:21,425 [ERROR] ConfigurationRetriever:142 - IOException on connection: Connection refused: getsockopt
2026-07-16 11:41:32,246 [ERROR] ConfigurationRetriever:142 - IOException on connection: Connection refused: getsockopt
2026-07-16 11:41:32,246 [ERROR] ConfigurationRetriever:142 - IOException on connection: Connection refused: getsockopt
2026-07-16 11:41:32,262 [ERROR] ConfigurationRetriever:142 - IOException on connection: Connection refused: getsockopt
2026-07-16 12:00:30,814 [ERROR] ConfigurationRetriever:142 - IOException on connection: Connection refused: getsockopt
2026-07-16 12:00:30,837 [ERROR] ConfigurationRetriever:142 - IOException on connection: Connection refused: getsockopt
2026-07-16 12:00:30,859 [ERROR] ConfigurationRetriever:142 - IOException on connection: Connection refused: getsockopt
2026-07-16 12:04:48,351 [ERROR] ConfigurationRetriever:142 - IOException on connection: Connection refused: getsockopt
2026-07-16 12:04:48,351 [ERROR] ConfigurationRetriever:142 - IOException on connection: Connection refused: getsockopt
2026-07-16 12:04:48,351 [ERROR] ConfigurationRetriever:142 - IOException on connection: Connection refused: getsockopt
2026-07-16 12:06:13,875 [ERROR] ConfigurationRetriever:142 - IOException on connection: Connection refused: getsockopt
2026-07-16 12:06:13,878 [ERROR] ConfigurationRetriever:142 - IOException on connection: Connection refused: getsockopt
2026-07-16 12:06:13,878 [ERROR] ConfigurationRetriever:142 - IOException on connection: Connection refused: getsockopt
2026-07-16 12:15:29,933 [ERROR] ConfigurationRetriever:142 - IOException on connection: Connection refused: getsockopt
2026-07-16 12:15:29,933 [ERROR] ConfigurationRetriever:142 - IOException on connection: Connection refused: getsockopt
2026-07-16 12:15:29,933 [ERROR] ConfigurationRetriever:142 - IOException on connection: Connection refused: getsockopt
2026-07-16 12:16:44,104 [ERROR] ConfigurationRetriever:142 - IOException on connection: Connection refused: getsockopt
2026-07-16 12:16:44,104 [ERROR] ConfigurationRetriever:142 - IOException on connection: Connection refused: getsockopt
2026-07-16 12:16:44,104 [ERROR] ConfigurationRetriever:142 - IOException on connection: Connection refused: getsockopt
2026-07-16 12:54:00,932 [ERROR] ConfigurationRetriever:142 - IOException on connection: Connection refused: getsockopt
2026-07-16 12:54:00,945 [ERROR] ConfigurationRetriever:142 - IOException on connection: Connection refused: getsockopt
2026-07-16 12:54:00,957 [ERROR] ConfigurationRetriever:142 - IOException on connection: Connection refused: getsockopt
2026-07-16 13:14:10,249 [ERROR] ConfigurationRetriever:142 - IOException on connection: Connection refused: getsockopt
2026-07-16 13:14:10,252 [ERROR] ConfigurationRetriever:142 - IOException on connection: Connection refused: getsockopt
2026-07-16 13:14:10,264 [ERROR] ConfigurationRetriever:142 - IOException on connection: Connection refused: getsockopt
2026-07-16 13:28:10,048 [INFO] WebApp:191 - Connection restablished
2026-07-16 13:28:22,874 [INFO] WebApp:194 - Connection lost
2026-07-16 13:28:23,521 [INFO] WebApp:191 - Connection restablished
2026-07-16 13:28:33,577 [INFO] WebApp:194 - Connection lost
2026-07-16 13:28:45,576 [INFO] WebApp:191 - Connection restablished
2026-07-16 13:28:47,364 [INFO] WebApp:194 - Connection lost
2026-07-16 13:28:47,697 [INFO] WebApp:191 - Connection restablished
2026-07-16 13:28:49,843 [INFO] WebApp:194 - Connection lost
2026-07-16 13:28:50,182 [INFO] WebApp:191 - Connection restablished
2026-07-16 13:29:48,415 [INFO] WebApp:194 - Connection lost
2026-07-16 13:30:56,219 [INFO] WebApp:191 - Connection restablished
2026-07-16 13:30:57,884 [INFO] WebApp:194 - Connection lost
2026-07-16 13:30:58,226 [INFO] WebApp:191 - Connection restablished
2026-07-16 13:35:27,515 [INFO] WebApp:194 - Connection lost
2026-07-16 13:35:35,193 [INFO] WebApp:191 - Connection restablished
2026-07-16 13:41:41,362 [ERROR] ConfigurationRetriever:142 - IOException on connection: Connection refused: getsockopt
2026-07-16 13:41:41,375 [ERROR] ConfigurationRetriever:142 - IOException on connection: Connection refused: getsockopt
2026-07-16 13:41:41,397 [ERROR] ConfigurationRetriever:142 - IOException on connection: Connection refused: getsockopt
2026-07-16 13:41:41,960 [ERROR] ConfigurationRetriever:142 - IOException on connection: Connection refused: getsockopt
2026-07-16 13:41:41,963 [ERROR] ConfigurationRetriever:142 - IOException on connection: Connection refused: getsockopt
2026-07-16 13:41:41,966 [ERROR] ConfigurationRetriever:142 - IOException on connection: Connection refused: getsockopt
2026-07-16 13:48:29,067 [ERROR] ConfigurationRetriever:142 - IOException on connection: Connection refused: getsockopt
2026-07-16 13:48:29,070 [ERROR] ConfigurationRetriever:142 - IOException on connection: Connection refused: getsockopt
2026-07-16 13:48:29,072 [ERROR] ConfigurationRetriever:142 - IOException on connection: Connection refused: getsockopt
2026-07-16 13:49:05,229 [ERROR] ConfigurationRetriever:142 - IOException on connection: Connection refused: getsockopt
2026-07-16 13:49:05,252 [ERROR] ConfigurationRetriever:142 - IOException on connection: Connection refused: getsockopt
2026-07-16 13:49:05,265 [ERROR] ConfigurationRetriever:142 - IOException on connection: Connection refused: getsockopt
2026-07-16 13:50:14,018 [ERROR] ConfigurationRetriever:142 - IOException on connection: Connection refused: getsockopt
2026-07-16 13:50:14,040 [ERROR] ConfigurationRetriever:142 - IOException on connection: Connection refused: getsockopt
2026-07-16 13:50:14,053 [ERROR] ConfigurationRetriever:142 - IOException on connection: Connection refused: getsockopt
2026-07-16 13:50:15,070 [ERROR] LogOutputStream:75 - [STDERR_REDIRECT] 
2026-07-16 13:50:15,071 [ERROR] LogOutputStream:75 - [STDERR_REDIRECT] 
2026-07-16 13:52:40,976 [INFO] Activator:176 - 


2026-07-16 13:52:40,977 [INFO] Activator:177 - !SESSION log4j initialized
2026-07-16 13:52:46,252 [INFO] LogOutputStream:77 - [STDOUT_REDIRECT] 
2026-07-16 13:52:59,151 [INFO] ApplicationProperties:184 - Using Application install path: C:\ST\STM32CubeIDE_1.19.0\STM32CubeIDE\plugins\com.st.stm32cube.common.mx_6.15.0.202507011659
2026-07-16 13:52:59,170 [INFO] DbMcusXml:78 - Set database path to: C:\ST\STM32CubeIDE_1.19.0\STM32CubeIDE\plugins\com.st.stm32cube.common.mx_6.15.0.202507011659\\db\/mcu/
2026-07-16 13:52:59,170 [INFO] ApiDb:274 - Set plugin database path to: C:\ST\STM32CubeIDE_1.19.0\STM32CubeIDE\plugins\com.st.stm32cube.common.mx_6.15.0.202507011659\\db\/plugins/boardmanager/
2026-07-16 13:52:59,171 [WARN] ApiDb:259 - Overriding images path with different value:  => C:\ST\STM32CubeIDE_1.19.0\STM32CubeIDE\plugins\com.st.stm32cube.common.mx_6.15.0.202507011659\\db\/plugins/mcufinder/images/
2026-07-16 13:52:59,181 [INFO] ApiDb:250 - Set database path to: C:\Users\Navid\.stmcufinder\plugins\mcufinder//mcu/
2026-07-16 13:52:59,182 [INFO] DbMcusAds:125 - Set database path to: C:\Users\Navid\.stmcufinder\plugins\mcufinder//mcu/
2026-07-16 13:52:59,185 [INFO] CrossReferenceDbSqlite:203 - Set database path to: C:\Users\Navid\.stmcufinder\plugins\mcufinder//mcu/cs/
2026-07-16 13:52:59,306 [INFO] RulesReader:64 - Compatibility file has been processed (317 Rules)
2026-07-16 13:52:59,402 [INFO] DbMcusXml:78 - Set database path to: C:\ST\STM32CubeIDE_1.19.0\STM32CubeIDE\plugins\com.st.stm32cube.common.mx_6.15.0.202507011659\\db\/mcu/
2026-07-16 13:52:59,402 [INFO] ApiDb:274 - Set plugin database path to: C:\ST\STM32CubeIDE_1.19.0\STM32CubeIDE\plugins\com.st.stm32cube.common.mx_6.15.0.202507011659\\db\/plugins/boardmanager/
2026-07-16 13:52:59,402 [INFO] ApiDb:261 - Set plugin images path to: C:\ST\STM32CubeIDE_1.19.0\STM32CubeIDE\plugins\com.st.stm32cube.common.mx_6.15.0.202507011659\\db\/plugins/mcufinder/images/
2026-07-16 13:52:59,402 [WARN] DbFile:41 - Overriding database path with different value: C:\Users\Navid\.stmcufinder\plugins\mcufinder/ => C:\Users\Navid\.stmcufinder\plugins\mcufinder
2026-07-16 13:52:59,402 [INFO] ApiDb:250 - Set database path to: C:\Users\Navid\.stmcufinder\plugins\mcufinder//mcu/
2026-07-16 13:52:59,402 [WARN] DbFile:41 - Overriding database path with different value: C:\Users\Navid\.stmcufinder\plugins\mcufinder/ => C:\Users\Navid\.stmcufinder\plugins\mcufinder
2026-07-16 13:52:59,402 [INFO] DbMcusAds:125 - Set database path to: C:\Users\Navid\.stmcufinder\plugins\mcufinder//mcu/
2026-07-16 13:52:59,402 [WARN] DbFile:41 - Overriding database path with different value: C:\Users\Navid\.stmcufinder\plugins\mcufinder/ => C:\Users\Navid\.stmcufinder\plugins\mcufinder
2026-07-16 13:52:59,402 [WARN] DbFile:41 - Overriding database path with different value: C:\Users\Navid\.stmcufinder\plugins\mcufinder/ => C:\Users\Navid\.stmcufinder\plugins\mcufinder
2026-07-16 13:52:59,402 [INFO] CrossReferenceDbSqlite:203 - Set database path to: C:\Users\Navid\.stmcufinder\plugins\mcufinder//mcu/cs/
2026-07-16 13:52:59,478 [INFO] MainPanel:274 - HeapMemory: 268435456
2026-07-16 13:52:59,581 [INFO] DbMcusXml:78 - Set database path to: C:\ST\STM32CubeIDE_1.19.0\STM32CubeIDE\plugins\com.st.stm32cube.common.mx_6.15.0.202507011659\\db\/mcu/
2026-07-16 13:52:59,581 [INFO] ApiDb:274 - Set plugin database path to: C:\ST\STM32CubeIDE_1.19.0\STM32CubeIDE\plugins\com.st.stm32cube.common.mx_6.15.0.202507011659\\db\/plugins/boardmanager/
2026-07-16 13:52:59,581 [INFO] ApiDb:261 - Set plugin images path to: C:\ST\STM32CubeIDE_1.19.0\STM32CubeIDE\plugins\com.st.stm32cube.common.mx_6.15.0.202507011659\\db\/plugins/mcufinder/images/
2026-07-16 13:52:59,581 [WARN] DbFile:41 - Overriding database path with different value: C:\Users\Navid\.stmcufinder\plugins\mcufinder/ => C:\Users\Navid\.stmcufinder\plugins\mcufinder
2026-07-16 13:52:59,581 [INFO] ApiDb:250 - Set database path to: C:\Users\Navid\.stmcufinder\plugins\mcufinder//mcu/
2026-07-16 13:52:59,581 [WARN] DbFile:41 - Overriding database path with different value: C:\Users\Navid\.stmcufinder\plugins\mcufinder/ => C:\Users\Navid\.stmcufinder\plugins\mcufinder
2026-07-16 13:52:59,581 [INFO] DbMcusAds:125 - Set database path to: C:\Users\Navid\.stmcufinder\plugins\mcufinder//mcu/
2026-07-16 13:52:59,581 [WARN] DbFile:41 - Overriding database path with different value: C:\Users\Navid\.stmcufinder\plugins\mcufinder/ => C:\Users\Navid\.stmcufinder\plugins\mcufinder
2026-07-16 13:52:59,581 [WARN] DbFile:41 - Overriding database path with different value: C:\Users\Navid\.stmcufinder\plugins\mcufinder/ => C:\Users\Navid\.stmcufinder\plugins\mcufinder
2026-07-16 13:52:59,581 [INFO] CrossReferenceDbSqlite:203 - Set database path to: C:\Users\Navid\.stmcufinder\plugins\mcufinder//mcu/cs/
2026-07-16 13:52:59,600 [INFO] ApplicationProperties:184 - Using Application install path: C:\ST\STM32CubeIDE_1.19.0\STM32CubeIDE\plugins\com.st.stm32cube.common.mx_6.15.0.202507011659
2026-07-16 13:52:59,601 [INFO] PluginManage:196 - Search for loadable plugins [exclusion list=, ]
2026-07-16 13:52:59,602 [INFO] PluginManage:310 - Check plugin analytics
2026-07-16 13:52:59,752 [INFO] AnalyticsPlugin:253 - Accepted Software Licenses: STM32CubeMX.6.15.0
2026-07-16 13:52:59,752 [INFO] AnalyticsPlugin:255 - Accepted CMSIS Pack Licenses: 
2026-07-16 13:52:59,753 [INFO] AnalyticsPlugin:257 - Accepted Firmware Licenses: 
2026-07-16 13:52:59,754 [INFO] PluginManage:359 - Loaded plugin analytics (category:tool,tabindex:-1)
2026-07-16 13:52:59,754 [INFO] PluginManage:310 - Check plugin cadmodel
2026-07-16 13:52:59,760 [INFO] CADModel:105 - Init CAD model plugin
2026-07-16 13:52:59,760 [INFO] PluginManage:359 - Loaded plugin cadmodel (category:power,tabindex:5)
2026-07-16 13:52:59,760 [INFO] PluginManage:310 - Check plugin clock
2026-07-16 13:52:59,768 [INFO] PluginManage:359 - Loaded plugin clock (category:base,tabindex:2)
2026-07-16 13:52:59,768 [INFO] PluginManage:310 - Check plugin ddr
2026-07-16 13:52:59,771 [INFO] PluginManage:359 - Loaded plugin ddr (category:tool,tabindex:6)
2026-07-16 13:52:59,771 [INFO] PluginManage:310 - Check plugin filemanager
2026-07-16 13:52:59,919 [INFO] PluginManage:359 - Loaded plugin filemanager (category:base,tabindex:10)
2026-07-16 13:52:59,919 [INFO] PluginManage:310 - Check plugin ipmanager
2026-07-16 13:52:59,927 [INFO] PluginManage:359 - Loaded plugin ipmanager (category:base,tabindex:5)
2026-07-16 13:52:59,928 [INFO] PluginManage:310 - Check plugin lpbam
2026-07-16 13:52:59,935 [INFO] PluginManage:359 - Loaded plugin lpbam (category:base,tabindex:0)
2026-07-16 13:52:59,935 [INFO] PluginManage:310 - Check plugin memorymap
2026-07-16 13:52:59,949 [INFO] PluginManage:359 - Loaded plugin memorymap (category:base,tabindex:4)
2026-07-16 13:52:59,949 [INFO] PluginManage:310 - Check plugin pinoutandconfiguration
2026-07-16 13:52:59,955 [INFO] PluginManage:359 - Loaded plugin pinoutandconfiguration (category:base,tabindex:1)
2026-07-16 13:52:59,955 [INFO] PluginManage:310 - Check plugin pinoutconfig
2026-07-16 13:53:00,052 [WARN] SupportedApi:132 - Cannot load RTOS API schema: s4s-elt-must-match.1: The content of 'definitions' must match (annotation?, (simpleType | complexType)?, (unique | key | keyref)*)). A problem was found starting at: attribute.
2026-07-16 13:53:00,183 [INFO] PluginManage:359 - Loaded plugin pinoutconfig (category:base,tabindex:0)
2026-07-16 13:53:00,183 [INFO] PluginManage:310 - Check plugin power
2026-07-16 13:53:00,190 [INFO] PluginManage:359 - Loaded plugin power (category:power,tabindex:4)
2026-07-16 13:53:00,191 [INFO] PluginManage:310 - Check plugin projectmanager
2026-07-16 13:53:00,204 [INFO] PluginManage:359 - Loaded plugin projectmanager (category:projectmanager,tabindex:4)
2026-07-16 13:53:00,204 [INFO] PluginManage:310 - Check plugin rif
2026-07-16 13:53:00,213 [INFO] PluginManage:359 - Loaded plugin rif (category:base,tabindex:3)
2026-07-16 13:53:00,213 [INFO] PluginManage:310 - Check plugin thirdparty
2026-07-16 13:53:00,338 [INFO] PluginManage:359 - Loaded plugin thirdparty (category:base,tabindex:-1)
2026-07-16 13:53:00,339 [INFO] PluginManage:310 - Check plugin tools
2026-07-16 13:53:00,338 [WARN] IntegrityCheckThread:84 - waiting for thirdparty lock release [integrity check]
2026-07-16 13:53:00,339 [INFO] IntegrityCheckThread:86 - entering critical section [integrity check]
2026-07-16 13:53:00,339 [INFO] ThirdPartyUpdaterWithRetryManager:70 - Updater plugin not ready yet. [1/15]
2026-07-16 13:53:00,340 [INFO] PluginManage:359 - Loaded plugin tools (category:base,tabindex:7)
2026-07-16 13:53:00,341 [INFO] PluginManage:310 - Check plugin tutovideos
2026-07-16 13:53:00,555 [INFO] PluginManage:359 - Loaded plugin tutovideos (category:base,tabindex:-1)
2026-07-16 13:53:00,555 [INFO] PluginManage:310 - Check plugin updater
2026-07-16 13:53:00,575 [INFO] PluginManage:359 - Loaded plugin updater (category:base,tabindex:12)
2026-07-16 13:53:00,575 [INFO] PluginManage:310 - Check plugin userauth
2026-07-16 13:53:00,580 [INFO] UserAuth:118 - Init User Auth plugin
2026-07-16 13:53:00,582 [INFO] PluginManage:359 - Loaded plugin userauth (category:base,tabindex:14)
2026-07-16 13:53:00,582 [INFO] PluginManage:283 - PluginManage : Loaded plugins [18]
2026-07-16 13:53:00,786 [INFO] PinOutPanel:1589 - setPackage(No Configuration,No Configuration)
2026-07-16 13:53:00,876 [INFO] CADModel:165 - CPN selected for project level
2026-07-16 13:53:00,876 [INFO] CADModel:114 - Register for checkConnection events
2026-07-16 13:53:00,894 [INFO] IPUIPlugin:80 - create IPUIPlugin
2026-07-16 13:53:00,894 [INFO] PluginManager:220 - loadIPPluginJar : add adc
2026-07-16 13:53:00,896 [INFO] IPUIPlugin:80 - create IPUIPlugin
2026-07-16 13:53:00,896 [INFO] PluginManager:220 - loadIPPluginJar : add aes
2026-07-16 13:53:00,899 [INFO] IPUIPlugin:80 - create IPUIPlugin
2026-07-16 13:53:00,899 [INFO] PluginManager:220 - loadIPPluginJar : add can
2026-07-16 13:53:00,900 [INFO] IPUIPlugin:80 - create IPUIPlugin
2026-07-16 13:53:00,901 [INFO] PluginManager:220 - loadIPPluginJar : add comp
2026-07-16 13:53:00,902 [INFO] IPUIPlugin:80 - create IPUIPlugin
2026-07-16 13:53:00,902 [INFO] PluginManager:220 - loadIPPluginJar : add cryp
2026-07-16 13:53:00,905 [INFO] IPUIPlugin:80 - create IPUIPlugin
2026-07-16 13:53:00,905 [INFO] PluginManager:220 - loadIPPluginJar : add ddr_ctrl_phy
2026-07-16 13:53:00,908 [INFO] IPUIPlugin:80 - create IPUIPlugin
2026-07-16 13:53:00,908 [INFO] PluginManager:220 - loadIPPluginJar : add dfsdm
2026-07-16 13:53:00,913 [INFO] IPUIPlugin:80 - create IPUIPlugin
2026-07-16 13:53:00,914 [INFO] PluginManager:220 - loadIPPluginJar : add dma
2026-07-16 13:53:00,915 [INFO] IPUIPlugin:80 - create IPUIPlugin
2026-07-16 13:53:00,915 [INFO] PluginManager:220 - loadIPPluginJar : add dma3
2026-07-16 13:53:00,918 [INFO] IPUIPlugin:80 - create IPUIPlugin
2026-07-16 13:53:00,918 [INFO] PluginManager:220 - loadIPPluginJar : add extmemmanager
2026-07-16 13:53:00,919 [INFO] IPUIPlugin:80 - create IPUIPlugin
2026-07-16 13:53:00,919 [INFO] PluginManager:220 - loadIPPluginJar : add fatfs
2026-07-16 13:53:00,923 [INFO] IPUIPlugin:80 - create IPUIPlugin
2026-07-16 13:53:00,923 [INFO] PluginManager:220 - loadIPPluginJar : add fmc
2026-07-16 13:53:00,929 [INFO] IPUIPlugin:80 - create IPUIPlugin
2026-07-16 13:53:00,929 [INFO] PluginManager:220 - loadIPPluginJar : add freertos
2026-07-16 13:53:00,930 [INFO] IPUIPlugin:80 - create IPUIPlugin
2026-07-16 13:53:00,930 [INFO] PluginManager:220 - loadIPPluginJar : add genericplugin
2026-07-16 13:53:00,932 [INFO] IPUIPlugin:80 - create IPUIPlugin
2026-07-16 13:53:00,932 [INFO] PluginManager:220 - loadIPPluginJar : add gfxmmu
2026-07-16 13:53:00,935 [INFO] IPUIPlugin:80 - create IPUIPlugin
2026-07-16 13:53:00,935 [INFO] PluginManager:220 - loadIPPluginJar : add gic
2026-07-16 13:53:00,938 [INFO] IPUIPlugin:80 - create IPUIPlugin
2026-07-16 13:53:00,938 [INFO] PluginManager:220 - loadIPPluginJar : add gpio
2026-07-16 13:53:00,941 [INFO] IPUIPlugin:80 - create IPUIPlugin
2026-07-16 13:53:00,941 [INFO] PluginManager:220 - loadIPPluginJar : add gtzc
2026-07-16 13:53:00,943 [INFO] IPUIPlugin:80 - create IPUIPlugin
2026-07-16 13:53:00,943 [INFO] PluginManager:220 - loadIPPluginJar : add hash
2026-07-16 13:53:00,946 [INFO] IPUIPlugin:80 - create IPUIPlugin
2026-07-16 13:53:00,946 [INFO] PluginManager:220 - loadIPPluginJar : add i2c
2026-07-16 13:53:00,948 [INFO] IPUIPlugin:80 - create IPUIPlugin
2026-07-16 13:53:00,948 [INFO] PluginManager:220 - loadIPPluginJar : add i2s
2026-07-16 13:53:00,950 [INFO] IPUIPlugin:80 - create IPUIPlugin
2026-07-16 13:53:00,950 [INFO] PluginManager:220 - loadIPPluginJar : add i3c
2026-07-16 13:53:00,955 [INFO] IPUIPlugin:80 - create IPUIPlugin
2026-07-16 13:53:00,955 [INFO] PluginManager:220 - loadIPPluginJar : add ipddr
2026-07-16 13:53:00,962 [INFO] IPUIPlugin:80 - create IPUIPlugin
2026-07-16 13:53:00,962 [INFO] PluginManager:220 - loadIPPluginJar : add linkedlist
2026-07-16 13:53:00,974 [INFO] IPUIPlugin:80 - create IPUIPlugin
2026-07-16 13:53:00,974 [INFO] PluginManager:220 - loadIPPluginJar : add lorawan
2026-07-16 13:53:00,977 [INFO] IPUIPlugin:80 - create IPUIPlugin
2026-07-16 13:53:00,977 [INFO] PluginManager:220 - loadIPPluginJar : add ltdc
2026-07-16 13:53:00,986 [INFO] IPUIPlugin:80 - create IPUIPlugin
2026-07-16 13:53:00,986 [INFO] PluginManager:220 - loadIPPluginJar : add mdma
2026-07-16 13:53:00,990 [INFO] IPUIPlugin:80 - create IPUIPlugin
2026-07-16 13:53:00,990 [INFO] PluginManager:220 - loadIPPluginJar : add nvic
2026-07-16 13:53:00,995 [INFO] IPUIPlugin:80 - create IPUIPlugin
2026-07-16 13:53:00,995 [INFO] PluginManager:220 - loadIPPluginJar : add opamp
2026-07-16 13:53:00,999 [INFO] IPUIPlugin:80 - create IPUIPlugin
2026-07-16 13:53:01,000 [INFO] PluginManager:220 - loadIPPluginJar : add openamp
2026-07-16 13:53:01,003 [INFO] IPUIPlugin:80 - create IPUIPlugin
2026-07-16 13:53:01,003 [INFO] PluginManager:220 - loadIPPluginJar : add pdm2pcm
2026-07-16 13:53:01,020 [INFO] IPUIPlugin:80 - create IPUIPlugin
2026-07-16 13:53:01,025 [INFO] PluginManager:220 - loadIPPluginJar : add plateformsettings
2026-07-16 13:53:01,027 [INFO] IPUIPlugin:80 - create IPUIPlugin
2026-07-16 13:53:01,027 [INFO] PluginManager:220 - loadIPPluginJar : add quadspi
2026-07-16 13:53:01,029 [INFO] IPUIPlugin:80 - create IPUIPlugin
2026-07-16 13:53:01,031 [INFO] PluginManager:220 - loadIPPluginJar : add radio
2026-07-16 13:53:01,034 [INFO] IPUIPlugin:80 - create IPUIPlugin
2026-07-16 13:53:01,034 [INFO] PluginManager:220 - loadIPPluginJar : add resmgrutility
2026-07-16 13:53:01,038 [INFO] IPUIPlugin:80 - create IPUIPlugin
2026-07-16 13:53:01,038 [INFO] PluginManager:220 - loadIPPluginJar : add sai
2026-07-16 13:53:01,041 [INFO] IPUIPlugin:80 - create IPUIPlugin
2026-07-16 13:53:01,041 [INFO] PluginManager:220 - loadIPPluginJar : add spi
2026-07-16 13:53:01,047 [INFO] IPUIPlugin:80 - create IPUIPlugin
2026-07-16 13:53:01,048 [INFO] PluginManager:220 - loadIPPluginJar : add stm32_wpan
2026-07-16 13:53:01,049 [INFO] IPUIPlugin:80 - create IPUIPlugin
2026-07-16 13:53:01,049 [INFO] PluginManager:220 - loadIPPluginJar : add tim
2026-07-16 13:53:01,052 [INFO] IPUIPlugin:80 - create IPUIPlugin
2026-07-16 13:53:01,052 [INFO] PluginManager:220 - loadIPPluginJar : add touchsensing
2026-07-16 13:53:01,054 [INFO] IPUIPlugin:80 - create IPUIPlugin
2026-07-16 13:53:01,054 [INFO] PluginManager:220 - loadIPPluginJar : add tracer_emb
2026-07-16 13:53:01,057 [INFO] IPUIPlugin:80 - create IPUIPlugin
2026-07-16 13:53:01,057 [INFO] PluginManager:220 - loadIPPluginJar : add ts
2026-07-16 13:53:01,058 [INFO] IPUIPlugin:80 - create IPUIPlugin
2026-07-16 13:53:01,058 [INFO] PluginManager:220 - loadIPPluginJar : add tsc
2026-07-16 13:53:01,059 [INFO] IPUIPlugin:80 - create IPUIPlugin
2026-07-16 13:53:01,059 [INFO] PluginManager:220 - loadIPPluginJar : add ucpd
2026-07-16 13:53:01,062 [INFO] IPUIPlugin:80 - create IPUIPlugin
2026-07-16 13:53:01,062 [INFO] PluginManager:220 - loadIPPluginJar : add usart
2026-07-16 13:53:01,064 [INFO] IPUIPlugin:80 - create IPUIPlugin
2026-07-16 13:53:01,065 [INFO] PluginManager:220 - loadIPPluginJar : add usbx
2026-07-16 13:53:01,189 [FATAL] Updater:351 - Updater called before beeing initialized
2026-07-16 13:53:01,200 [ERROR] ConfigurationRetriever:142 - IOException on connection: Read timed out
2026-07-16 13:53:01,228 [INFO] RulesReader:64 - Compatibility file has been processed (317 Rules)
2026-07-16 13:53:01,239 [INFO] RulesReader:64 - Compatibility file has been processed (317 Rules)
2026-07-16 13:53:01,260 [INFO] CADModel:165 - CPN selected for project level
2026-07-16 13:53:01,260 [INFO] CADModel:114 - Register for checkConnection events
2026-07-16 13:53:01,260 [FATAL] Updater:351 - Updater called before beeing initialized
2026-07-16 13:53:01,260 [ERROR] CADModel:125 - Updater not yet initialized, retry later 
2026-07-16 13:53:01,406 [FATAL] Updater:351 - Updater called before beeing initialized
2026-07-16 13:53:01,408 [INFO] CADModel:165 - CPN selected for project level
2026-07-16 13:53:01,408 [INFO] CADModel:114 - Register for checkConnection events
2026-07-16 13:53:01,408 [FATAL] Updater:351 - Updater called before beeing initialized
2026-07-16 13:53:01,408 [ERROR] CADModel:125 - Updater not yet initialized, retry later 
2026-07-16 13:53:01,412 [FATAL] Updater:351 - Updater called before beeing initialized
2026-07-16 13:53:01,525 [FATAL] Updater:351 - Updater called before beeing initialized
2026-07-16 13:53:01,529 [INFO] DbMcusAds:53 - JSON generation date=Thu May 28 19:38:17 IRST 2026 (1779984497073)
2026-07-16 13:53:01,529 [FATAL] Updater:351 - Updater called before beeing initialized
2026-07-16 13:53:01,563 [WARN] DetailPanel:346 - Failed to get advertising image, set to default
2026-07-16 13:53:01,639 [FATAL] Updater:351 - Updater called before beeing initialized
2026-07-16 13:53:01,640 [FATAL] Updater:351 - Updater called before beeing initialized
2026-07-16 13:53:01,641 [FATAL] Updater:351 - Updater called before beeing initialized
2026-07-16 13:53:01,641 [WARN] DetailPanel:346 - Failed to get advertising image, set to default
2026-07-16 13:53:01,641 [FATAL] Updater:351 - Updater called before beeing initialized
2026-07-16 13:53:01,688 [ERROR] Updater:1198 - MainUpdater not yet initialized. External WinMGr cannot be set.
2026-07-16 13:53:01,690 [INFO] Updater:1134 - Updater Version found : 6.15.0
2026-07-16 13:53:01,711 [INFO] ApplicationProperties:184 - Using Application install path: C:\ST\STM32CubeIDE_1.19.0\STM32CubeIDE\plugins\com.st.stm32cube.common.mx_6.15.0.202507011659
2026-07-16 13:53:03,205 [ERROR] ConfigurationRetriever:142 - IOException on connection: Read timed out
2026-07-16 13:53:03,292 [ERROR] LogOutputStream:75 - [STDERR_REDIRECT] Jul 16, 2026 1:53:03 PM java.util.prefs.WindowsPreferences <init>
2026-07-16 13:53:03,294 [ERROR] LogOutputStream:75 - [STDERR_REDIRECT] WARNING: Could not open/create prefs root node Software\JavaSoft\Prefs at root 0xffffffff80000002. Windows RegCreateKeyEx(...) returned error code 5.
2026-07-16 13:53:03,294 [ERROR] LogOutputStream:75 - [STDERR_REDIRECT] 
2026-07-16 13:53:03,339 [INFO] ThirdPartyUpdaterWithRetryManager:70 - Updater plugin not ready yet. [2/15]
2026-07-16 13:53:04,758 [ERROR] ConfigurationRetriever:142 - IOException on connection: Read timed out
2026-07-16 13:53:05,213 [ERROR] ConfigurationRetriever:142 - IOException on connection: Read timed out
2026-07-16 13:53:06,340 [FATAL] Updater:351 - Updater called before beeing initialized
2026-07-16 13:53:06,341 [ERROR] IntegrityCheckThread:130 - Cannot retrieve database content from updater: error 21
2026-07-16 13:53:06,341 [INFO] ThirdParty:978 - Integrity check success = false
2026-07-16 13:53:06,342 [INFO] IntegrityCheckThread:100 - exiting critical section [integrity check]
2026-07-16 13:53:06,342 [INFO] IntegrityCheckThread:103 - End integrity checks thread
2026-07-16 13:53:07,551 [WARN] CheckConnectionManager:291 - Warning during Server Connection :  timeout Connect to sw-center.st.com:443 [sw-center.st.com/23.53.11.6, sw-center.st.com/23.53.11.38] failed: Read timed out
2026-07-16 13:53:09,767 [ERROR] ConfigurationRetriever:142 - IOException on connection: Read timed out
2026-07-16 13:53:11,561 [WARN] CheckConnectionManager:291 - Warning during Server Connection :  timeout Connect to sw-center.st.com:443 [sw-center.st.com/23.53.11.6, sw-center.st.com/23.53.11.38] failed: Read timed out
2026-07-16 13:53:11,566 [INFO] MainUpdater:2872 - connection check result : 22
2026-07-16 13:53:11,567 [INFO] MainUpdater:289 - Updater Check For Update Now.
2026-07-16 13:53:11,567 [INFO] MicroXplorer:498 - Change Database Version : DB.6.0.150
2026-07-16 13:53:11,579 [INFO] McuFinderGlobals:63 - Set McuFinder mode to 2 (CubeIDE integrated)
2026-07-16 13:53:11,580 [INFO] UserAuth:171 - activating auth plugin
2026-07-16 13:53:11,585 [INFO] UserAuth:487 - Internet connection configuration mode: 2
2026-07-16 13:53:11,618 [INFO] UserAuth:487 - Internet connection configuration mode: 2
2026-07-16 13:53:11,766 [INFO] CheckServerUpdateThread:120 - End of CheckServer Thread
2026-07-16 13:53:14,773 [ERROR] ConfigurationRetriever:142 - IOException on connection: Read timed out
2026-07-16 13:58:36,372 [ERROR] ConfigurationRetriever:142 - IOException on connection: sw-center.st.com
2026-07-16 13:58:36,374 [ERROR] ConfigurationRetriever:142 - IOException on connection: sw-center.st.com
2026-07-16 13:58:36,374 [ERROR] ConfigurationRetriever:142 - IOException on connection: sw-center.st.com
2026-07-16 14:01:41,711 [ERROR] ConfigurationRetriever:142 - IOException on connection: sw-center.st.com
2026-07-16 14:01:41,712 [ERROR] ConfigurationRetriever:142 - IOException on connection: sw-center.st.com
2026-07-16 14:01:41,712 [ERROR] ConfigurationRetriever:142 - IOException on connection: sw-center.st.com
2026-07-16 14:02:33,553 [ERROR] ConfigurationRetriever:142 - IOException on connection: sw-center.st.com
2026-07-16 14:02:33,555 [ERROR] ConfigurationRetriever:142 - IOException on connection: sw-center.st.com
2026-07-16 14:02:33,556 [ERROR] ConfigurationRetriever:142 - IOException on connection: sw-center.st.com
2026-07-16 14:02:34,660 [ERROR] LogOutputStream:75 - [STDERR_REDIRECT] 
