../Core/Src/liquidcrystal_i2c.c:38:13:lcd_enable_pulse	8	static
../Core/Src/liquidcrystal_i2c.c:45:13:lcd_write_nibble	16	static
../Core/Src/liquidcrystal_i2c.c:53:6:lcd_send_cmd	16	static
../Core/Src/liquidcrystal_i2c.c:59:6:lcd_send_data	16	static
../Core/Src/liquidcrystal_i2c.c:70:6:lcd_create_custom_char	24	static
../Core/Src/liquidcrystal_i2c.c:79:6:lcd_init	8	static
../Core/Src/liquidcrystal_i2c.c:106:6:lcd_send_string	16	static
../Core/Src/liquidcrystal_i2c.c:112:6:lcd_clear	8	static
../Core/Src/liquidcrystal_i2c.c:117:6:lcd_put_cur	16	static
