../Core/Src/main.c:85:5:main	16	static
../Core/Src/main.c:182:6:SystemClock_Config	72	static
../Core/Src/main.c:217:6:LCD_EnablePulse	8	static
../Core/Src/main.c:225:6:LCD_Send4Bit	16	static
../Core/Src/main.c:235:6:LCD_Command	16	static
../Core/Src/main.c:242:6:LCD_Data	16	static
../Core/Src/main.c:249:6:LCD_Init	8	static
../Core/Src/main.c:266:6:LCD_SendString	16	static
../Core/Src/main.c:273:6:LCD_SetCursor	24	static
../Core/Src/main.c:279:6:Update_LCD_Display	64	static
../Core/Src/main.c:299:6:Error_Handler	4	static,ignoring_inline_asm
