../Core/Src/main.c:85:5:main	16	static
../Core/Src/main.c:170:6:SystemClock_Config	72	static
../Core/Src/main.c:205:6:LCD_EnablePulse	8	static
../Core/Src/main.c:213:6:LCD_Send4Bit	16	static
../Core/Src/main.c:222:6:LCD_Command	16	static
../Core/Src/main.c:229:6:LCD_Data	16	static
../Core/Src/main.c:236:6:LCD_Init	8	static
../Core/Src/main.c:253:6:LCD_SendString	16	static
../Core/Src/main.c:260:6:LCD_SetCursor	24	static
../Core/Src/main.c:266:6:Update_LCD_Display	64	static
../Core/Src/main.c:285:6:Error_Handler	4	static,ignoring_inline_asm
