13:50:36 **** Incremental Build of configuration Debug for project Env_Monitor ****
make -j16 all 
arm-none-eabi-gcc "../Core/Src/environment.c" -mcpu=cortex-m3 -std=gnu11 -g3 -DDEBUG -DUSE_HAL_DRIVER -DSTM32F103xB -c -I../Core/Inc -I../Drivers/STM32F1xx_HAL_Driver/Inc -I../Drivers/STM32F1xx_HAL_Driver/Inc/Legacy -I../Drivers/CMSIS/Device/ST/STM32F1xx/Include -I../Drivers/CMSIS/Include -O0 -ffunction-sections -fdata-sections -Wall -fstack-usage -fcyclomatic-complexity -MMD -MP -MF"Core/Src/environment.d" -MT"Core/Src/environment.o" --specs=nano.specs -mfloat-abi=soft -mthumb -o "Core/Src/environment.o"
../Core/Src/environment.c: In function 'Display_Current_UI':
../Core/Src/environment.c:346:22: warning: format '%f' expects a matching 'double' argument [-Wformat=]
  346 |                      "=============================\r\n"
      |                      ^~~~~~~~~~~~~~~~~~~~~~~~~~~~~~~~~~~
../Core/Src/environment.c:349:48: note: format string is defined here
  349 |                      " Current Target Temp: %.1f C\r\n"
      |                                             ~~~^
      |                                                |
      |                                                double
arm-none-eabi-gcc -o "Env_Monitor.elf" @"objects.list"   -mcpu=cortex-m3 -T"E:\SMART_FACTORY\subsystems\fire-system\firmware\Env_Monitor\STM32F103C8TX_FLASH.ld" --specs=nosys.specs -Wl,-Map="Env_Monitor.map" -Wl,--gc-sections -static --specs=nano.specs -mfloat-abi=soft -mthumb -u _printf_float -u _scanf_float -Wl,--start-group -lc -lm -Wl,--end-group
Finished building target: Env_Monitor.elf
 
arm-none-eabi-size  Env_Monitor.elf 
arm-none-eabi-objdump -h -S Env_Monitor.elf  > "Env_Monitor.list"
   text	   data	    bss	    dec	    hex	filename
  46536	    488	   2240	  49264	   c070	Env_Monitor.elf
arm-none-eabi-objcopy  -O ihex Env_Monitor.elf  "Env_Monitor.hex"
Finished building: default.size.stdout
 
Finished building: Env_Monitor.hex
 
Finished building: Env_Monitor.list
 

13:50:37 Build Finished. 0 errors, 1 warnings. (took 1s.63ms)

