19:55:47 **** Incremental Build of configuration Debug for project Serial_Bridge ****
make -j16 all 
arm-none-eabi-gcc "../Core/Src/main.c" -mcpu=cortex-m3 -std=gnu11 -g3 -DDEBUG -DUSE_HAL_DRIVER -DSTM32F103xB -c -I../Core/Inc -I../Drivers/STM32F1xx_HAL_Driver/Inc -I../Drivers/STM32F1xx_HAL_Driver/Inc/Legacy -I../Drivers/CMSIS/Device/ST/STM32F1xx/Include -I../Drivers/CMSIS/Include -O0 -ffunction-sections -fdata-sections -Wall -fstack-usage -fcyclomatic-complexity -MMD -MP -MF"Core/Src/main.d" -MT"Core/Src/main.o" --specs=nano.specs -mfloat-abi=soft -mthumb -o "Core/Src/main.o"
arm-none-eabi-gcc -o "Serial_Bridge.elf" @"objects.list"   -mcpu=cortex-m3 -T"E:\SMART_FACTORY\subsystems\fire-system\firmware\Serial_Bridge\STM32F103C8TX_FLASH.ld" --specs=nosys.specs -Wl,-Map="Serial_Bridge.map" -Wl,--gc-sections -static --specs=nano.specs -mfloat-abi=soft -mthumb -Wl,--start-group -lc -lm -Wl,--end-group
Finished building target: Serial_Bridge.elf
 
arm-none-eabi-size  Serial_Bridge.elf 
arm-none-eabi-objdump -h -S Serial_Bridge.elf  > "Serial_Bridge.list"
   text	   data	    bss	    dec	    hex	filename
   9088	     12	   1788	  10888	   2a88	Serial_Bridge.elf
arm-none-eabi-objcopy  -O ihex Serial_Bridge.elf  "Serial_Bridge.hex"
Finished building: default.size.stdout
 
Finished building: Serial_Bridge.hex
 
Finished building: Serial_Bridge.list
 

19:55:48 Build Finished. 0 errors, 0 warnings. (took 597ms)

